hello
hello
hello
test if it continues
hello
test if it continues
Hit:1 http://ppa.launchpad.net/alessandro-strada/ppa/ubuntu bionic InRelease
Hit:2 http://uk-mirrors.evowise.com/ubuntu bionic InRelease
Hit:3 http://uk-mirrors.evowise.com/ubuntu bionic-updates InRelease
Get:4 http://de.archive.ubuntu.com/ubuntu xenial-updates InRelease [109 kB]
Get:5 http://security.ubuntu.com/ubuntu xenial-security InRelease [109 kB]
Hit:6 http://linux.teamviewer.com/deb stable InRelease
Hit:7 http://uk-mirrors.evowise.com/ubuntu bionic-security InRelease
Hit:8 http://ppa.launchpad.net/fixnix/netspeed/ubuntu bionic InRelease
Hit:9 http://uk-mirrors.evowise.com/ubuntu bionic-backports InRelease
Hit:11 https://download.docker.com/linux/ubuntu bionic InRelease
Hit:12 http://ppa.launchpad.net/graphics-drivers/ppa/ubuntu bionic InRelease
Hit:13 https://deb.nodesource.com/node_10.x bionic InRelease
Hit:14 http://ppa.launchpad.net/kasra-mp/ubuntu-indicator-weather/ubuntu bionic InRelease
Hit:15 http://ppa.launchpad.net/nilarimogard/webupd8/ubuntu bionic InRelease
Get:16 http://ppa.launchpad.net/webupd8team/java/ubuntu bionic InRelease [15,4 kB]
Hit:10 https://packages.cloud.google.com/apt kubernetes-xenial InRelease
Reading package lists...
hello
test if it continues
Hit:1 http://ppa.launchpad.net/alessandro-strada/ppa/ubuntu bionic InRelease
Hit:2 http://uk-mirrors.evowise.com/ubuntu bionic InRelease
Hit:3 http://linux.teamviewer.com/deb stable InRelease
Hit:4 http://de.archive.ubuntu.com/ubuntu xenial-updates InRelease
Hit:5 http://uk-mirrors.evowise.com/ubuntu bionic-updates InRelease
Hit:6 http://uk-mirrors.evowise.com/ubuntu bionic-security InRelease
Hit:7 http://ppa.launchpad.net/fixnix/netspeed/ubuntu bionic InRelease
Hit:9 https://download.docker.com/linux/ubuntu bionic InRelease
Hit:10 https://deb.nodesource.com/node_10.x bionic InRelease
Hit:11 http://uk-mirrors.evowise.com/ubuntu bionic-backports InRelease
Get:12 http://security.ubuntu.com/ubuntu xenial-security InRelease [109 kB]
Hit:13 http://ppa.launchpad.net/graphics-drivers/ppa/ubuntu bionic InRelease
Hit:14 http://ppa.launchpad.net/kasra-mp/ubuntu-indicator-weather/ubuntu bionic InRelease
Hit:15 http://ppa.launchpad.net/nilarimogard/webupd8/ubuntu bionic InRelease
Get:16 http://ppa.launchpad.net/webupd8team/java/ubuntu bionic InRelease [15,4 kB]
Hit:8 https://packages.cloud.google.com/apt kubernetes-xenial InRelease
Reading package lists...
test if it continues
Hit:1 http://uk-mirrors.evowise.com/ubuntu bionic InRelease
Hit:2 http://ppa.launchpad.net/alessandro-strada/ppa/ubuntu bionic InRelease
Hit:3 http://linux.teamviewer.com/deb stable InRelease
Hit:4 http://uk-mirrors.evowise.com/ubuntu bionic-updates InRelease
Hit:5 http://de.archive.ubuntu.com/ubuntu xenial-updates InRelease
Hit:6 http://uk-mirrors.evowise.com/ubuntu bionic-security InRelease
Hit:7 http://ppa.launchpad.net/fixnix/netspeed/ubuntu bionic InRelease
Hit:8 https://deb.nodesource.com/node_10.x bionic InRelease
Hit:10 http://uk-mirrors.evowise.com/ubuntu bionic-backports InRelease
Hit:11 https://download.docker.com/linux/ubuntu bionic InRelease
Get:12 http://security.ubuntu.com/ubuntu xenial-security InRelease [109 kB]
Hit:13 http://ppa.launchpad.net/graphics-drivers/ppa/ubuntu bionic InRelease
Hit:14 http://ppa.launchpad.net/kasra-mp/ubuntu-indicator-weather/ubuntu bionic InRelease
Hit:15 http://ppa.launchpad.net/nilarimogard/webupd8/ubuntu bionic InRelease
Get:16 http://ppa.launchpad.net/webupd8team/java/ubuntu bionic InRelease [15,4 kB]
Hit:9 https://packages.cloud.google.com/apt kubernetes-xenial InRelease
Reading package lists...
hello
test if it continues
Hit:1 http://linux.teamviewer.com/deb stable InRelease
Hit:2 http://uk-mirrors.evowise.com/ubuntu bionic InRelease
Hit:3 http://ppa.launchpad.net/alessandro-strada/ppa/ubuntu bionic InRelease
Hit:4 http://de.archive.ubuntu.com/ubuntu xenial-updates InRelease
Hit:5 http://uk-mirrors.evowise.com/ubuntu bionic-updates InRelease
Hit:6 https://download.docker.com/linux/ubuntu bionic InRelease
Hit:7 https://deb.nodesource.com/node_10.x bionic InRelease
Hit:8 http://uk-mirrors.evowise.com/ubuntu bionic-security InRelease
Hit:9 http://ppa.launchpad.net/fixnix/netspeed/ubuntu bionic InRelease
Hit:10 http://uk-mirrors.evowise.com/ubuntu bionic-backports InRelease
Get:12 http://security.ubuntu.com/ubuntu xenial-security InRelease [109 kB]
Hit:13 http://ppa.launchpad.net/graphics-drivers/ppa/ubuntu bionic InRelease
Hit:14 http://ppa.launchpad.net/kasra-mp/ubuntu-indicator-weather/ubuntu bionic InRelease
Hit:15 http://ppa.launchpad.net/nilarimogard/webupd8/ubuntu bionic InRelease
Get:16 http://ppa.launchpad.net/webupd8team/java/ubuntu bionic InRelease [15,4 kB]
Hit:11 https://packages.cloud.google.com/apt kubernetes-xenial InRelease
Reading package lists...
hello
test if it continues
Hit:1 http://uk-mirrors.evowise.com/ubuntu bionic InRelease
Hit:2 http://ppa.launchpad.net/alessandro-strada/ppa/ubuntu bionic InRelease
Get:3 http://uk-mirrors.evowise.com/ubuntu bionic-updates InRelease [88,7 kB]
Get:4 http://security.ubuntu.com/ubuntu xenial-security InRelease [109 kB]
Hit:5 http://ppa.launchpad.net/fixnix/netspeed/ubuntu bionic InRelease
Get:6 http://uk-mirrors.evowise.com/ubuntu bionic-security InRelease [88,7 kB]
Get:7 http://de.archive.ubuntu.com/ubuntu xenial-updates InRelease [109 kB]
Hit:8 https://download.docker.com/linux/ubuntu bionic InRelease
Hit:9 http://linux.teamviewer.com/deb stable InRelease
Get:10 http://uk-mirrors.evowise.com/ubuntu bionic-backports InRelease [74,6 kB]
Hit:11 http://ppa.launchpad.net/graphics-drivers/ppa/ubuntu bionic InRelease
Hit:12 https://deb.nodesource.com/node_10.x bionic InRelease
Hit:13 http://ppa.launchpad.net/kasra-mp/ubuntu-indicator-weather/ubuntu bionic InRelease
Get:14 http://uk-mirrors.evowise.com/ubuntu bionic-updates/main i386 Packages [517 kB]
Hit:16 http://ppa.launchpad.net/nilarimogard/webupd8/ubuntu bionic InRelease
Get:18 http://uk-mirrors.evowise.com/ubuntu bionic-updates/main amd64 Packages [617 kB]
Get:19 http://uk-mirrors.evowise.com/ubuntu bionic-updates/universe i386 Packages [925 kB]
Get:17 http://ppa.launchpad.net/webupd8team/java/ubuntu bionic InRelease [15,4 kB]
Get:20 http://de.archive.ubuntu.com/ubuntu xenial-updates/main Sources [335 kB]
Get:21 http://uk-mirrors.evowise.com/ubuntu bionic-updates/universe amd64 Packages [937 kB]
Hit:15 https://packages.cloud.google.com/apt kubernetes-xenial InRelease
Get:22 http://uk-mirrors.evowise.com/ubuntu bionic-updates/universe Translation-en [274 kB]
Reading package lists...
E: Repository 'http://ppa.launchpad.net/webupd8team/java/ubuntu bionic InRelease' changed its 'Label' value from 'Oracle Java (JDK) 8 Installer PPA' to 'Oracle Java (JDK) 8 Installer PPA (DISCONTINUED)'
W: Target Packages (main/binary-amd64/Packages) is configured multiple times in /etc/apt/sources.list:55 and /etc/apt/sources.list.d/kubernetes.list:1
W: Target Packages (main/binary-i386/Packages) is configured multiple times in /etc/apt/sources.list:55 and /etc/apt/sources.list.d/kubernetes.list:1
W: Target Packages (main/binary-all/Packages) is configured multiple times in /etc/apt/sources.list:55 and /etc/apt/sources.list.d/kubernetes.list:1
W: Target Translations (main/i18n/Translation-en_US) is configured multiple times in /etc/apt/sources.list:55 and /etc/apt/sources.list.d/kubernetes.list:1
W: Target Translations (main/i18n/Translation-en) is configured multiple times in /etc/apt/sources.list:55 and /etc/apt/sources.list.d/kubernetes.list:1
W: Target DEP-11 (main/dep11/Components-amd64.yml) is configured multiple times in /etc/apt/sources.list:55 and /etc/apt/sources.list.d/kubernetes.list:1
W: Target DEP-11 (main/dep11/Components-all.yml) is configured multiple times in /etc/apt/sources.list:55 and /etc/apt/sources.list.d/kubernetes.list:1
W: Target DEP-11-icons-small (main/dep11/icons-48x48.tar) is configured multiple times in /etc/apt/sources.list:55 and /etc/apt/sources.list.d/kubernetes.list:1
W: Target DEP-11-icons (main/dep11/icons-64x64.tar) is configured multiple times in /etc/apt/sources.list:55 and /etc/apt/sources.list.d/kubernetes.list:1
W: Target CNF (main/cnf/Commands-amd64) is configured multiple times in /etc/apt/sources.list:55 and /etc/apt/sources.list.d/kubernetes.list:1
W: Target CNF (main/cnf/Commands-all) is configured multiple times in /etc/apt/sources.list:55 and /etc/apt/sources.list.d/kubernetes.list:1
W: Target Packages (main/binary-amd64/Packages) is configured multiple times in /etc/apt/sources.list:55 and /etc/apt/sources.list.d/kubernetes.list:1
W: Target Packages (main/binary-i386/Packages) is configured multiple times in /etc/apt/sources.list:55 and /etc/apt/sources.list.d/kubernetes.list:1
W: Target Packages (main/binary-all/Packages) is configured multiple times in /etc/apt/sources.list:55 and /etc/apt/sources.list.d/kubernetes.list:1
W: Target Translations (main/i18n/Translation-en_US) is configured multiple times in /etc/apt/sources.list:55 and /etc/apt/sources.list.d/kubernetes.list:1
W: Target Translations (main/i18n/Translation-en) is configured multiple times in /etc/apt/sources.list:55 and /etc/apt/sources.list.d/kubernetes.list:1
W: Target DEP-11 (main/dep11/Components-amd64.yml) is configured multiple times in /etc/apt/sources.list:55 and /etc/apt/sources.list.d/kubernetes.list:1
W: Target DEP-11 (main/dep11/Components-all.yml) is configured multiple times in /etc/apt/sources.list:55 and /etc/apt/sources.list.d/kubernetes.list:1
W: Target DEP-11-icons-small (main/dep11/icons-48x48.tar) is configured multiple times in /etc/apt/sources.list:55 and /etc/apt/sources.list.d/kubernetes.list:1
W: Target DEP-11-icons (main/dep11/icons-64x64.tar) is configured multiple times in /etc/apt/sources.list:55 and /etc/apt/sources.list.d/kubernetes.list:1
W: Target CNF (main/cnf/Commands-amd64) is configured multiple times in /etc/apt/sources.list:55 and /etc/apt/sources.list.d/kubernetes.list:1
W: Target CNF (main/cnf/Commands-all) is configured multiple times in /etc/apt/sources.list:55 and /etc/apt/sources.list.d/kubernetes.list:1
